﻿[36mvite v7.2.2 [32mbuilding client environment for production...[36m[39m
transforming...
[32m鉁?[39m 325 modules transformed.
node.exe : [31m鉁?[39m Build failed in 1.0
1s
所在位置 行:1 字符: 1
+ & "E:\Code\Nodejs/node.exe" "E:\Code\Nod
ejs/node_modules/npm/bin/npx- ...
+ ~~~~~~~~~~~~~~~~~~~~~~~~~~~~~~~~~~~~~~~~
~~~~~~~~~~~~~~~~~~~~~~~~~~~~~
    + CategoryInfo          : NotSpecifie 
   d: ([31m鉁?[39m Build failed in 1.01s  
  :String) [], RemoteException
    + FullyQualifiedErrorId : NativeComma 
   ndError
 
[31merror during build:
[31m[vite:vue] [plugin vite:vue] src/comp
onents/calendar/EventModal.vue (274:1): In
valid end tag.[31m
file: [36mD:/Code/internal-site-2/fronten
d/src/components/calendar/EventModal.vue:2
74:1[31m
SyntaxError: [plugin vite:vue] src/compone
nts/calendar/EventModal.vue (274:1): Inval
id end tag.
    at createCompilerError (D:\Code\intern
al-site-2\frontend\node_modules\@vue\compi
ler-core\dist\compiler-core.cjs.prod.js:13
60:17)
    at emitError (D:\Code\internal-site-2\
frontend\node_modules\@vue\compiler-core\d
ist\compiler-core.cjs.prod.js:2957:5)
    at Object.onclosetag (D:\Code\internal
-site-2\frontend\node_modules\@vue\compile
r-core\dist\compiler-core.cjs.prod.js:2356
:9)
    at Tokenizer.stateInClosingTagName (D:
\Code\internal-site-2\frontend\node_module
s\@vue\compiler-core\dist\compiler-core.cj
s.prod.js:785:16)
    at Tokenizer.parse (D:\Code\internal-s
ite-2\frontend\node_modules\@vue\compiler-
core\dist\compiler-core.cjs.prod.js:1143:1
6)
    at Object.baseParse (D:\Code\internal-
site-2\frontend\node_modules\@vue\compiler
-core\dist\compiler-core.cjs.prod.js:2989:
13)
    at Object.parse (D:\Code\internal-site
-2\frontend\node_modules\@vue\compiler-dom
\dist\compiler-dom.cjs.prod.js:665:23)
    at Object.parse$1 [as parse] (D:\Code\
internal-site-2\frontend\node_modules\@vue
\compiler-sfc\dist\compiler-sfc.cjs.js:180
1:24)
    at createDescriptor (file:///D:/Code/i
nternal-site-2/frontend/node_modules/@vite
js/plugin-vue/dist/index.js:79:42)
    at transformMain (file:///D:/Code/inte
rnal-site-2/frontend/node_modules/@vitejs/
plugin-vue/dist/index.js:1633:33)[39m
